--------------------------------------------------------------------------------------------------------------------------
Itzel@DESKTOP-2V95CPQ MINGW64 ~/Documents/datamex_102020/module-1/lab-bash (master)
$ cd /c/Users/Itzel/Documents/datamex_102020/module-1/lab-bash

Itzel@DESKTOP-2V95CPQ MINGW64 ~/Documents/datamex_102020/module-1/lab-bash (master)
$ ls
exercices/  inputs/  lorem/  lorem-copy/  outputs/  README.md

--------------------------------------------------------------------------------------------------------------------------
Imprime en consola "Hello World".
Itzel@DESKTOP-2V95CPQ MINGW64 ~/Documents/datamex_102020/module-1/lab-bash (master)
$ echo 'Hello world!'
Hello world!

Crea un directorio nuevo llamado new_dir.
Itzel@DESKTOP-2V95CPQ MINGW64 ~/Documents/datamex_102020/module-1/lab-bash (master)
$ mkdir new_dir

Elimina ese directorio.
Itzel@DESKTOP-2V95CPQ MINGW64 ~/Documents/datamex_102020/module-1/lab-bash (master)
$ rm -rf new_dir

Copia el archivo sed.txt dentro de la carpeta lorem a la carpeta lorem-copy.
Itzel@DESKTOP-2V95CPQ MINGW64 ~/Documents/datamex_102020/module-1/lab-bash (master)
$ cp /c/Users/Itzel/Documents/datamex_102020/module-1/lab-bash/lorem/sed.txt /c/Users/Itzel/Documents/datamex_102020/module-1/lab-bash/lorem-copy

Copia los otros dos archivos de la carpeta lorem a la carpeta lorem-copy en una sola linea mediante el pipe ;
Itzel@DESKTOP-2V95CPQ MINGW64 ~/Documents/datamex_102020/module-1/lab-bash (master)
$ cp ./lorem/at.txt ./lorem-copy |  cp ./lorem/lorem.txt ./lorem-copy

Muestra el contenido del archivo sed.txt dentro de la carpeta lorem.
Itzel@DESKTOP-2V95CPQ MINGW64 ~/Documents/datamex_102020/module-1/lab-bash (master)
$ cat ./lorem/sed.txt
Sed ut perspiciatis unde omnis iste natus error sit voluptatem accusantium doloremque laudantium,
totam rem aperiam, eaque ipsa quae ab illo inventore veritatis et quasi architecto beatae vitae dicta sunt explicabo.
Nemo enim ipsam voluptatem quia voluptas sit aspernatur aut odit aut fugit,
sed quia consequuntur magni dolores eos qui ratione voluptatem sequi nesciunt.
Neque porro quisquam est, qui dolorem ipsum quia dolor sit amet, consectetur, adipisci velit,
sed quia non numquam eius modi tempora incidunt ut labore et dolore magnam aliquam quaerat voluptatem.
Ut enim ad minima veniam, quis nostrum exercitationem ullam corporis suscipit laboriosam,
nisi ut aliquid ex ea commodi consequatur? Quis autem vel eum iure reprehenderit qui in ea voluptate velit esse quam nihil molestiae consequatur,
vel illum qui dolorem eum fugiat quo voluptas nulla pariatur?

Muestra el contenido de los archivos at.txt y lorem.txt dentro de la carpeta lorem.
Itzel@DESKTOP-2V95CPQ MINGW64 ~/Documents/datamex_102020/module-1/lab-bash (master)
$ cat ./lorem/at.txt | cat ./lorem/lorem.txt
Lorem ipsum dolor sit amet, consectetur adipiscing elit, sed do eiusmod tempor incididunt ut labore et dolore magna aliqua.
Ut enim ad minim veniam, quis nostrud exercitation ullamco laboris nisi ut aliquip ex ea commodo consequat.
Duis aute irure dolor in reprehenderit in voluptate velit esse cillum dolore eu fugiat nulla pariatur.
Excepteur sint occaecat cupidatat non proident, sunt in culpa qui officia deserunt mollit anim id est laborum.

Visualiza las primeras 3 linas del archivo sed.txt dentro de la carpeta lorem-copy
Itzel@DESKTOP-2V95CPQ MINGW64 ~/Documents/datamex_102020/module-1/lab-bash (master)
$ head -3 ./lorem-copy/sed.txt
Sed ut perspiciatis unde omnis iste natus error sit voluptatem accusantium doloremque laudantium,
totam rem aperiam, eaque ipsa quae ab illo inventore veritatis et quasi architecto beatae vitae dicta sunt explicabo.
Nemo enim ipsam voluptatem quia voluptas sit aspernatur aut odit aut fugit,

Visualiza las ultimas 3 linas del archivo sed.txt dentro de la carpeta lorem-copy
Itzel@DESKTOP-2V95CPQ MINGW64 ~/Documents/datamex_102020/module-1/lab-bash (master)
$ tail -3 ./lorem-copy/sed.txt
Ut enim ad minima veniam, quis nostrum exercitationem ullam corporis suscipit laboriosam,
nisi ut aliquid ex ea commodi consequatur? Quis autem vel eum iure reprehenderit qui in ea voluptate velit esse quam nihil molestiae consequatur,
vel illum qui dolorem eum fugiat quo voluptas nulla pariatur?

Añade Homo homini lupus. al final de archivo sed.txt dentro de la carpeta lorem-copy.
Itzel@DESKTOP-2V95CPQ MINGW64 ~/Documents/datamex_102020/module-1/lab-bash (master)
$ nano ./lorem-copy/sed.txt

Visualiza las últimas 3 linas del archivo sed.txt dentro de la carpeta lorem-copy. Deberías ver ahora Homo homini lupus.
Itzel@DESKTOP-2V95CPQ MINGW64 ~/Documents/datamex_102020/module-1/lab-bash (master)
$ tail -3 ./lorem-copy/sed.txt
nisi ut aliquid ex ea commodi consequatur? Quis autem vel eum iure reprehenderit qui in ea voluptate velit esse quam nihil molestiae consequatur,
vel illum qui dolorem eum fugiat quo voluptas nulla pariatur?
Homo homini lupus.

Sustituye todas las apariciones de et por ET del archivo at.txt dentro de la carpeta lorem a la carpeta lorem-copy. Deberás usar sed
Itzel@DESKTOP-2V95CPQ MINGW64 ~/Documents/datamex_102020/module-1/lab-bash (master)
$ sed 's/et/ET/g' ./lorem/at.txt
At vero eos ET accusamus ET iusto odio dignissimos ducimus qui blanditiis praesentium voluptatum
deleniti atque corrupti quos dolores ET quas molestias excepturi sint occaecati cupiditate non
provident, similique sunt in culpa qui officia deserunt mollitia animi, id est laborum ET dolorum fuga.
Et harum quidem rerum facilis est ET expedita distinctio.
Nam libero tempore, cum soluta nobis est eligendi optio cumque nihil impedit quo minus id quod
maxime placeat facere possimus, omnis voluptas assumenda est, omnis dolor repellendus.
Temporibus autem quibusdam ET aut officiis debitis aut rerum necessitatibus saepe eveniET
ut ET voluptates repudiandae sint ET molestiae non recusandae.
Itaque earum rerum hic tenETur a sapiente delectus, ut aut reiciendis voluptatibus maiores
alias consequatur aut perferendis doloribus asperiores repellat
Itzel@DESKTOP-2V95CPQ MINGW64 ~/Documents/datamex_102020/module-1/lab-bash (master)
$ cp ./lorem/at.txt ./lorem-copy

Encuentra al usuario activo en el sistema.
Itzel@DESKTOP-2V95CPQ MINGW64 ~/Documents/datamex_102020/module-1/lab-bash (master)
$ whoami
Itzel

Encuentra dónde estás en tu sistema de ficheros.
Itzel@DESKTOP-2V95CPQ MINGW64 ~/Documents/datamex_102020/module-1/lab-bash (master)
$ pwd
/c/Users/Itzel/Documents/datamex_102020/module-1/lab-bash

Lista los archivos que terminan por .txt en la carpeta lorem
Itzel@DESKTOP-2V95CPQ MINGW64 ~/Documents/datamex_102020/module-1/lab-bash (master)
$ ls ./lorem/*.txt
./lorem/at.txt  ./lorem/lorem.txt  ./lorem/sed.txt

Cuenta el número de lineas que tiene el archivo sed.txt dentro de la carpeta lorem. Tendrás que encadenar cat y wc mediante el pipe |.
Itzel@DESKTOP-2V95CPQ MINGW64 ~/Documents/datamex_102020/module-1/lab-bash (master)
$ cat ./lorem/sed.txt | wc ./lorem/sed.txt
  8 129 881 ./lorem/sed.txt

Cuenta el número de archivos que empiezan por lorem que están en este directorio y en directorios internos
Itzel@DESKTOP-2V95CPQ MINGW64 ~/Documents/datamex_102020/module-1/lab-bash (master)
$ find -name "lorem*" -type f
./lorem/lorem.txt

Encuentra todas las apariciones de et en at.txt dentro de la carpeta lorem.
Itzel@DESKTOP-2V95CPQ MINGW64 ~/Documents/datamex_102020/module-1/lab-bash (master)
$ grep et ./lorem/at.txt
At vero eos et accusamus et iusto odio dignissimos ducimus qui blanditiis praesentium voluptatum
deleniti atque corrupti quos dolores et quas molestias excepturi sint occaecati cupiditate non
provident, similique sunt in culpa qui officia deserunt mollitia animi, id est laborum et dolorum fuga.
Et harum quidem rerum facilis est et expedita distinctio.
Temporibus autem quibusdam et aut officiis debitis aut rerum necessitatibus saepe eveniet
ut et voluptates repudiandae sint et molestiae non recusandae.
Itaque earum rerum hic tenetur a sapiente delectus, ut aut reiciendis voluptatibus maiores

Cuenta el número de apariciones del string et en at.txt dentro de la carpeta lorem. Para ello debes obtener sólo los string buscados y contar las lineas.
Itzel@DESKTOP-2V95CPQ MINGW64 ~/Documents/datamex_102020/module-1/lab-bash (master)
$ grep -i -o et ./lorem/at.txt | wc -l
11


Cuenta el número de apariciones del string et en todos los archivos del directorio lorem-copy.
Itzel@DESKTOP-2V95CPQ MINGW64 ~/Documents/datamex_102020/module-1/lab-bash (master)
$ for file in $(ls lorem-copy/); do grep -i -o et lorem-copy/$file | wc -l; done;
11
3
4

--------------------------------------------------------------------------------------------------------------------------
Cualquier comandos o comandos de bash se pueden almacenar en un fichero y ejecutar cuando queramos. Obviamente puedes utilizar tu editor preferido. Creamos el fichero:
vi list_files.sh

Itzel@DESKTOP-2V95CPQ MINGW64 ~/Documents/datamex_102020/module-1/lab-bash (master)
$  vi list_files.sh

Itzel@DESKTOP-2V95CPQ MINGW64 ~/Documents/datamex_102020/module-1/lab-bash (master)
$ chmod a+x list_files.sh

Itzel@DESKTOP-2V95CPQ MINGW64 ~/Documents/datamex_102020/module-1/lab-bash (master)
$ bash list_files.sh
exercices  inputs  list_files.sh  lorem  lorem-copy  outputs  README.md
